
Memory Configuration

Name             Origin             Length             Attributes
vexriscv_debug   0x00000000f00f0000 0x0000000000000100
dff              0x0000000000000000 0x0000000000000400
dff2             0x0000000000000400 0x0000000000000200
flash            0x0000000010000000 0x0000000001000000
mprj             0x0000000030000000 0x0000000000100000
mprjram          0x0000000038000000 0x0000000000400000
hk               0x0000000026000000 0x0000000000100000
csr              0x00000000f0000000 0x0000000000010000
*default*        0x0000000000000000 0xffffffffffffffff

Linker script and memory map

                0x0000000000000000                __DYNAMIC = 0x0

.text           0x0000000010000000      0x188
                0x0000000010000000                _ftext = .
 *crt0*(.text)
 .text          0x0000000010000000      0x148 counter_la_all.elf-crt0_vex.o
                0x0000000010000000                _start
                0x0000000010000020                trap_entry
 *crt0*(.text)
 *(.text.isr)
                0x0000000010000148                _etext = .
 .text          0x0000000010000148       0x3c counter_la_all.elf-isr.o
                0x0000000010000148                isr
 .text          0x0000000010000184        0x0 counter_la_all.elf-fir.o
 .text          0x0000000010000184        0x0 counter_la_all.elf-matmul.o
 .text          0x0000000010000184        0x0 counter_la_all.elf-qsort.o
 .text          0x0000000010000184        0x0 counter_la_all.elf-uart.o
 .text          0x0000000010000184        0x4 counter_la_all.elf-counter_la_all.o
                0x0000000010000184                delay

.mprj           0x0000000010000188      0x164
 .mprj          0x0000000010000188      0x164 counter_la_all.elf-uart.o
                0x0000000010000188                uart_write
                0x00000000100001b4                uart_write_char
                0x00000000100001f0                uart_write_string
                0x000000001000023c                uart_read_char
                0x000000001000026c                uart_read

.text.startup   0x00000000100002ec      0x198
 .text.startup  0x00000000100002ec      0x198 counter_la_all.elf-counter_la_all.o
                0x00000000100002ec                main

.rela.dyn       0x0000000010000484        0x0
 .rela.text     0x0000000010000484        0x0 counter_la_all.elf-crt0_vex.o

.rodata         0x0000000010000484        0x4
                0x0000000010000488                . = ALIGN (0x8)
 *fill*         0x0000000010000484        0x4 
                0x0000000010000488                _frodata = .
 *(.rodata .rodata.* .gnu.linkonce.r.*)
 *(.rodata1)
                0x0000000010000488                . = ALIGN (0x8)
                0x0000000010000488                _erodata = .

.data           0x0000000000000000      0x108 load address 0x0000000010000488
                0x0000000000000000                . = ALIGN (0x8)
                0x0000000000000000                _fdata = .
 *(.data .data.* .gnu.linkonce.d.*)
 .data          0x0000000000000000        0x0 counter_la_all.elf-crt0_vex.o
 .data          0x0000000000000000        0x0 counter_la_all.elf-isr.o
 .data          0x0000000000000000       0x58 counter_la_all.elf-fir.o
                0x0000000000000000                taps
                0x000000000000002c                inputsignal
 .data          0x0000000000000058       0x80 counter_la_all.elf-matmul.o
                0x0000000000000058                B
                0x0000000000000098                A
 .data          0x00000000000000d8       0x28 counter_la_all.elf-qsort.o
                0x00000000000000d8                Q
 .data          0x0000000000000100        0x0 counter_la_all.elf-uart.o
 .data          0x0000000000000100        0x0 counter_la_all.elf-counter_la_all.o
 *(.data1)
                0x0000000000000100                _gp = ALIGN (0x10)
 *(.sdata .sdata.* .gnu.linkonce.s.*)
 .sdata         0x0000000000000100        0x4 counter_la_all.elf-isr.o
                0x0000000000000100                counter
                0x0000000000000108                . = ALIGN (0x8)
 *fill*         0x0000000000000104        0x4 
                0x0000000000000108                _edata = .

.bss            0x0000000000000108      0x190 load address 0x0000000010000590
                0x0000000000000108                . = ALIGN (0x8)
                0x0000000000000108                _fbss = .
 *(.dynsbss)
 *(.sbss .sbss.* .gnu.linkonce.sb.*)
 *(.scommon)
 *(.dynbss)
 *(.bss .bss.* .gnu.linkonce.b.*)
 .bss           0x0000000000000108        0x0 counter_la_all.elf-crt0_vex.o
 .bss           0x0000000000000108        0x0 counter_la_all.elf-isr.o
 .bss           0x0000000000000108      0x12c counter_la_all.elf-fir.o
                0x0000000000000108                outputsignal
                0x0000000000000208                inputbuffer
 .bss           0x0000000000000234       0x40 counter_la_all.elf-matmul.o
                0x0000000000000234                result
 .bss           0x0000000000000274        0x0 counter_la_all.elf-qsort.o
 .bss           0x0000000000000274       0x20 counter_la_all.elf-uart.o
                0x0000000000000274                UART_BUF
 .bss           0x0000000000000294        0x0 counter_la_all.elf-counter_la_all.o
 *(COMMON)
                0x0000000000000298                . = ALIGN (0x8)
 *fill*         0x0000000000000294        0x4 
                0x0000000000000298                _ebss = .
                0x0000000000000298                _end = .

.mprjram        0x0000000038000000      0x1a8 load address 0x0000000010000590
                0x0000000038000000                . = ALIGN (0x8)
                0x0000000038000000                _fsram = .
 *libgcc.a:*(.text .text.*)
 .mprjram       0x0000000038000000       0x88 counter_la_all.elf-fir.o
                0x0000000038000000                fir
 .mprjram       0x0000000038000088       0xbc counter_la_all.elf-matmul.o
                0x0000000038000088                matmul
 .mprjram       0x0000000038000144       0x64 counter_la_all.elf-qsort.o
                0x0000000038000144                qsort
                0x0000000000000600                PROVIDE (_fstack = (ORIGIN (dff2) + LENGTH (dff2)))
                0x0000000010000488                PROVIDE (_fdata_rom = LOADADDR (.data))
                [!provide]                        PROVIDE (_edata_rom = (LOADADDR (.data) + SIZEOF (.data)))
                0x00000000380001a8                PROVIDE (_esram = (ORIGIN (mprjram) + SIZEOF (.mprjram)))
                0x0000000010000590                PROVIDE (_esram_rom = LOADADDR (.mprjram))
LOAD counter_la_all.elf-crt0_vex.o
LOAD counter_la_all.elf-isr.o
LOAD counter_la_all.elf-fir.o
LOAD counter_la_all.elf-matmul.o
LOAD counter_la_all.elf-qsort.o
LOAD counter_la_all.elf-uart.o
LOAD counter_la_all.elf-counter_la_all.o
LOAD /opt/riscv/lib/gcc/riscv32-unknown-elf/12.1.0/libgcc.a
START GROUP
LOAD /opt/riscv/lib/gcc/riscv32-unknown-elf/12.1.0/../../../../riscv32-unknown-elf/lib/libc.a
LOAD /opt/riscv/lib/gcc/riscv32-unknown-elf/12.1.0/../../../../riscv32-unknown-elf/lib/libgloss.a
END GROUP
LOAD /opt/riscv/lib/gcc/riscv32-unknown-elf/12.1.0/libgcc.a
OUTPUT(counter_la_all.elf elf32-littleriscv)

.riscv.attributes
                0x0000000000000000       0x20
 .riscv.attributes
                0x0000000000000000       0x1e counter_la_all.elf-crt0_vex.o
 .riscv.attributes
                0x000000000000001e       0x20 counter_la_all.elf-isr.o
 .riscv.attributes
                0x000000000000003e       0x1c counter_la_all.elf-fir.o
 .riscv.attributes
                0x000000000000005a       0x1c counter_la_all.elf-matmul.o
 .riscv.attributes
                0x0000000000000076       0x1c counter_la_all.elf-qsort.o
 .riscv.attributes
                0x0000000000000092       0x1c counter_la_all.elf-uart.o
 .riscv.attributes
                0x00000000000000ae       0x1c counter_la_all.elf-counter_la_all.o

.comment        0x0000000000000000       0x1b
 .comment       0x0000000000000000       0x1b counter_la_all.elf-isr.o
                                         0x1c (size before relaxing)
 .comment       0x000000000000001b       0x1c counter_la_all.elf-fir.o
 .comment       0x000000000000001b       0x1c counter_la_all.elf-matmul.o
 .comment       0x000000000000001b       0x1c counter_la_all.elf-qsort.o
 .comment       0x000000000000001b       0x1c counter_la_all.elf-uart.o
 .comment       0x000000000000001b       0x1c counter_la_all.elf-counter_la_all.o

.debug_line     0x0000000000000000     0x1491
 .debug_line    0x0000000000000000      0x20a counter_la_all.elf-crt0_vex.o
 .debug_line    0x000000000000020a      0x121 counter_la_all.elf-isr.o
 .debug_line    0x000000000000032b      0x221 counter_la_all.elf-fir.o
 .debug_line    0x000000000000054c      0x307 counter_la_all.elf-matmul.o
 .debug_line    0x0000000000000853      0x1c3 counter_la_all.elf-qsort.o
 .debug_line    0x0000000000000a16      0x45b counter_la_all.elf-uart.o
 .debug_line    0x0000000000000e71      0x620 counter_la_all.elf-counter_la_all.o

.debug_line_str
                0x0000000000000000      0x11c
 .debug_line_str
                0x0000000000000000       0x47 counter_la_all.elf-crt0_vex.o
 .debug_line_str
                0x0000000000000047       0x83 counter_la_all.elf-isr.o
                                         0xf8 (size before relaxing)
 .debug_line_str
                0x00000000000000ca        0xc counter_la_all.elf-fir.o
                                         0xb5 (size before relaxing)
 .debug_line_str
                0x00000000000000d6       0x12 counter_la_all.elf-matmul.o
                                         0xc1 (size before relaxing)
 .debug_line_str
                0x00000000000000e8       0x10 counter_la_all.elf-qsort.o
                                         0xbd (size before relaxing)
 .debug_line_str
                0x00000000000000f8       0x13 counter_la_all.elf-uart.o
                                         0xcd (size before relaxing)
 .debug_line_str
                0x000000000000010b       0x11 counter_la_all.elf-counter_la_all.o
                                         0xd0 (size before relaxing)

.debug_info     0x0000000000000000      0x940
 .debug_info    0x0000000000000000       0x25 counter_la_all.elf-crt0_vex.o
 .debug_info    0x0000000000000025      0x1d4 counter_la_all.elf-isr.o
 .debug_info    0x00000000000001f9      0x157 counter_la_all.elf-fir.o
 .debug_info    0x0000000000000350      0x13f counter_la_all.elf-matmul.o
 .debug_info    0x000000000000048f      0x107 counter_la_all.elf-qsort.o
 .debug_info    0x0000000000000596      0x202 counter_la_all.elf-uart.o
 .debug_info    0x0000000000000798      0x1a8 counter_la_all.elf-counter_la_all.o

.debug_abbrev   0x0000000000000000      0x66f
 .debug_abbrev  0x0000000000000000       0x14 counter_la_all.elf-crt0_vex.o
 .debug_abbrev  0x0000000000000014      0x178 counter_la_all.elf-isr.o
 .debug_abbrev  0x000000000000018c       0xd4 counter_la_all.elf-fir.o
 .debug_abbrev  0x0000000000000260       0xd6 counter_la_all.elf-matmul.o
 .debug_abbrev  0x0000000000000336       0xbe counter_la_all.elf-qsort.o
 .debug_abbrev  0x00000000000003f4      0x165 counter_la_all.elf-uart.o
 .debug_abbrev  0x0000000000000559      0x116 counter_la_all.elf-counter_la_all.o

.debug_aranges  0x0000000000000000      0x108
 .debug_aranges
                0x0000000000000000       0x20 counter_la_all.elf-crt0_vex.o
 .debug_aranges
                0x0000000000000020       0x20 counter_la_all.elf-isr.o
 .debug_aranges
                0x0000000000000040       0x20 counter_la_all.elf-fir.o
 .debug_aranges
                0x0000000000000060       0x20 counter_la_all.elf-matmul.o
 .debug_aranges
                0x0000000000000080       0x20 counter_la_all.elf-qsort.o
 .debug_aranges
                0x00000000000000a0       0x40 counter_la_all.elf-uart.o
 .debug_aranges
                0x00000000000000e0       0x28 counter_la_all.elf-counter_la_all.o

.debug_str      0x0000000000000000      0x1f9
 .debug_str     0x0000000000000000       0x53 counter_la_all.elf-crt0_vex.o
 .debug_str     0x0000000000000053      0x11b counter_la_all.elf-isr.o
                                        0x15c (size before relaxing)
 .debug_str     0x000000000000016e       0x32 counter_la_all.elf-fir.o
                                        0x122 (size before relaxing)
 .debug_str     0x00000000000001a0        0xe counter_la_all.elf-matmul.o
                                         0xfe (size before relaxing)
 .debug_str     0x00000000000001ae        0x6 counter_la_all.elf-qsort.o
                                         0xf6 (size before relaxing)
 .debug_str     0x00000000000001b4       0x3a counter_la_all.elf-uart.o
                                        0x13c (size before relaxing)
 .debug_str     0x00000000000001ee        0xb counter_la_all.elf-counter_la_all.o
                                        0x105 (size before relaxing)

.debug_loclists
                0x0000000000000000      0x244
 .debug_loclists
                0x0000000000000000       0x52 counter_la_all.elf-isr.o
 .debug_loclists
                0x0000000000000052       0x49 counter_la_all.elf-fir.o
 .debug_loclists
                0x000000000000009b       0x2a counter_la_all.elf-matmul.o
 .debug_loclists
                0x00000000000000c5       0x2a counter_la_all.elf-qsort.o
 .debug_loclists
                0x00000000000000ef       0xd9 counter_la_all.elf-uart.o
 .debug_loclists
                0x00000000000001c8       0x7c counter_la_all.elf-counter_la_all.o

.debug_rnglists
                0x0000000000000000      0x10f
 .debug_rnglists
                0x0000000000000000       0x1f counter_la_all.elf-isr.o
 .debug_rnglists
                0x000000000000001f       0x29 counter_la_all.elf-fir.o
 .debug_rnglists
                0x0000000000000048       0x16 counter_la_all.elf-matmul.o
 .debug_rnglists
                0x000000000000005e       0x29 counter_la_all.elf-qsort.o
 .debug_rnglists
                0x0000000000000087       0x69 counter_la_all.elf-uart.o
 .debug_rnglists
                0x00000000000000f0       0x1f counter_la_all.elf-counter_la_all.o

.debug_frame    0x0000000000000000      0x12c
 .debug_frame   0x0000000000000000       0x2c counter_la_all.elf-isr.o
 .debug_frame   0x000000000000002c       0x20 counter_la_all.elf-fir.o
 .debug_frame   0x000000000000004c       0x20 counter_la_all.elf-matmul.o
 .debug_frame   0x000000000000006c       0x20 counter_la_all.elf-qsort.o
 .debug_frame   0x000000000000008c       0x60 counter_la_all.elf-uart.o
 .debug_frame   0x00000000000000ec       0x40 counter_la_all.elf-counter_la_all.o
